// Jest Snapshot v1, https://goo.gl/fbAQLP

exports[`Renders a Repository 1`] = `
<div
  className="Repository"
>
  <h4
    className="name"
  >
    app
  </h4>
  <div
    className="path"
  >
    /Users/omar/code/codex_press/app
     
    <span
      className="open"
      onClick={[Function]}
    >
      (open)
    </span>
  </div>
  <div
    className="expand"
    onClick={[Function]}
  >
    see more
  </div>
  <div>
    0
     files
  </div>
</div>
`;
