// Jest Snapshot v1, https://goo.gl/fbAQLP

exports[`Renders a RepositoryEdit form 1`] = `
<form
  className="RepositoryEdit"
  onSubmit={[Function]}
>
  <label>
    Name 
    <input
      autoFocus={true}
      name="name"
      onChange={[Function]}
      placeholder="new"
      value="meh"
    />
  </label>
  <label>
    Path 
    <input
      name="path"
      onChange={[Function]}
      onPaste={[Function]}
      placeholder="/Users/you/code/your-repository"
      value="/code"
    />
  </label>
  <div
    className="button-container"
  >
    <button
      onClick={[Function]}
    >
      Cancel
    </button>
     
    <button
      className="primary"
    >
      Submit
    </button>
  </div>
</form>
`;
