// Jest Snapshot v1, https://goo.gl/fbAQLP

exports[`Renders an article 1`] = `
<div
  className="Article"
  onClick={[Function]}
  onMouseMove={[Function]}
  onWheel={[Function]}
>
  <div
    className="cover"
  >
    <img
      srcSet="https://usercontent.codex.press//images/8c253631-6611-4158-b236-edd98495fc64/i200.jpg 200w,https://usercontent.codex.press//images/8c253631-6611-4158-b236-edd98495fc64/i500.jpg 500w"
    />
  </div>
  <div
    className="chatter"
  >
    <h2>
      Issac Asimov Say Some Sheez
    </h2>
    <div
      className="url"
    >
      /ricd/asimov-steez
    </div>
    <p
      className="description"
    >
      Old white dude talkin bout da moon. Word.
    </p>
  </div>
</div>
`;
