// Jest Snapshot v1, https://goo.gl/fbAQLP

exports[`renders RepositoryDetails 1`] = `
<div
  className="Repository"
>
  <h4
    className="name"
  >
    parent
  </h4>
  <div
    className="path"
    onClick={[Function]}
  >
    /Users/omar/code/codex_press/parent
  </div>
  <div
    className="collapse"
  >
    see less
  </div>
  <button>
    Remove
  </button>
   
  <button>
    Edit
  </button>
  <table>
    <thead>
      <tr>
        <th>
          Filename
        </th>
        <th>
          Path
        </th>
      </tr>
    </thead>
    <tbody>
      <tr>
        <td>
          <span
            className="open"
            onClick={[Function]}
          >
            index.js 
          </span>
        </td>
        <td>
          <a
            href="/parent/index.js"
            target="_blank"
          >
            /parent/index.js
          </a>
        </td>
      </tr>
      <tr>
        <td>
          <span
            className="open"
            onClick={[Function]}
          >
            index.less 
          </span>
        </td>
        <td>
          <a
            href="/parent/index.css"
            target="_blank"
          >
            /parent/index.css
          </a>
        </td>
      </tr>
      <tr>
        <td>
          <span
            className="open"
            onClick={[Function]}
          >
            package.json 
          </span>
        </td>
        <td>
          <a
            target="_blank"
          />
        </td>
      </tr>
      <tr>
        <td>
          <span
            className="open"
            onClick={[Function]}
          >
            test/dom/attributes.js 
          </span>
        </td>
        <td>
          <a
            target="_blank"
          />
        </td>
      </tr>
      <tr>
        <td>
          <span
            className="open"
            onClick={[Function]}
          >
            test/dom/classes.js 
          </span>
        </td>
        <td>
          <a
            target="_blank"
          />
        </td>
      </tr>
    </tbody>
  </table>
</div>
`;
